Archive member included because of file (symbol)

C:/Users/yokoyama_S9/Documents/lpcxpresso_3.5/workspace/VS-WRC103LV_Sample_LED/lib\libCMSISv1p30_LPC13xx.a(system_LPC13xx.o)
                              ./src/cr_startup_lpc13.o (SystemInit)

Allocating common symbols
Common symbol       size              file

WDF                 0x1               ./src/vs-wrc103.o
I2CReadLength       0x4               ./src/ixbus.o
I2CSlaveBuffer      0x6               ./src/ixbus.o
adtemp              0x10              ./src/ixbus.o
USB_InPutData       0x40              ./src/main.o
iBuzzerPitch        0x4               ./src/vs-wrc103.o
enc_A               0x4               ./src/vs-wrc103.o
bBuzzerFlag         0x1               ./src/vs-wrc103.o
I2CMode             0x4               ./src/ixbus.o
PS_DATA             0x14              ./src/vs-wrc103.o
I2CMasterBuffer     0x6               ./src/ixbus.o
memmap              0x80              ./src/main.o
enc_B               0x4               ./src/vs-wrc103.o
MainCnt             0x2               ./src/vs-wrc103.o
I2CWriteLength      0x4               ./src/ixbus.o
USB_OutPutData      0x40              ./src/main.o
bSendUSBdata        0x1               ./src/main.o
isUSB_data_sending  0x1               ./src/main.o

Discarded input sections

 .text          0x00000000        0x0 ./src/cr_startup_lpc13.o
 .data          0x00000000        0x0 ./src/cr_startup_lpc13.o
 .bss           0x00000000        0x0 ./src/cr_startup_lpc13.o
 .text          0x00000000        0x0 ./src/gpio.o
 .data          0x00000000        0x0 ./src/gpio.o
 .bss           0x00000000        0x0 ./src/gpio.o
 .text.GPIOGetValueBit
                0x00000000        0x0 ./src/gpio.o
 .text.GPIOGetValue
                0x00000000        0x0 ./src/gpio.o
 .text.GPIOSetInterrupt
                0x00000000        0x0 ./src/gpio.o
 .text.GPIOIntEnable
                0x00000000        0x0 ./src/gpio.o
 .text.GPIOIntDisable
                0x00000000        0x0 ./src/gpio.o
 .text.GPIOIntStatus
                0x00000000        0x0 ./src/gpio.o
 .text.GPIOIntClear
                0x00000000        0x0 ./src/gpio.o
 .text          0x00000000        0x0 ./src/ixbus.o
 .data          0x00000000        0x0 ./src/ixbus.o
 .text.I2CStart
                0x00000000        0x0 ./src/ixbus.o
 .text.I2CStop  0x00000000        0x0 ./src/ixbus.o
 .text.I2C_init
                0x00000000        0x0 ./src/ixbus.o
 .text.I2CEngine
                0x00000000        0x0 ./src/ixbus.o
 .text.Get_IX008
                0x00000000        0x0 ./src/ixbus.o
 .rodata        0x00000000        0x0 ./src/ixbus.o
 .text          0x00000000        0x0 ./src/main.o
 .data          0x00000000        0x0 ./src/main.o
 .bss           0x00000000        0x0 ./src/main.o
 .text          0x00000000        0x0 ./src/vs-wrc103.o
 .data          0x00000000        0x0 ./src/vs-wrc103.o
 .text.NVIC_EnableIRQ
                0x00000000        0x0 ./src/vs-wrc103.o
 .text.getMainCycle
                0x00000000        0x0 ./src/vs-wrc103.o
 .text.Mtr_Run_lv
                0x00000000        0x0 ./src/vs-wrc103.o
 .text.ADRead   0x00000000        0x0 ./src/vs-wrc103.o
 .text.PadWait  0x00000000        0x0 ./src/vs-wrc103.o
 .text.getPAD   0x00000000        0x0 ./src/vs-wrc103.o
 .text.BuzzerSet
                0x00000000        0x0 ./src/vs-wrc103.o
 .text.BuzzerStart
                0x00000000        0x0 ./src/vs-wrc103.o
 .text.BuzzerStop
                0x00000000        0x0 ./src/vs-wrc103.o
 .text.isBuzzer
                0x00000000        0x0 ./src/vs-wrc103.o
 .text.ClearEncoder
                0x00000000        0x0 ./src/vs-wrc103.o
 .text.GetEncoder
                0x00000000        0x0 ./src/vs-wrc103.o
 .text.InitEncoder
                0x00000000        0x0 ./src/vs-wrc103.o
 .text.Ds2rw    0x00000000        0x0 ./src/vs-wrc103.o
 .text.Ds2Com   0x00000000        0x0 ./src/vs-wrc103.o
 .text.PS_Set_AN
                0x00000000        0x0 ./src/vs-wrc103.o
 .text.updatePAD
                0x00000000        0x0 ./src/vs-wrc103.o
 .text.getSW    0x00000000        0x0 ./src/vs-wrc103.o
 .text          0x00000000        0x0 C:/Users/yokoyama_S9/Documents/lpcxpresso_3.5/workspace/VS-WRC103LV_Sample_LED/lib\libCMSISv1p30_LPC13xx.a(system_LPC13xx.o)
 .data          0x00000000        0x0 C:/Users/yokoyama_S9/Documents/lpcxpresso_3.5/workspace/VS-WRC103LV_Sample_LED/lib\libCMSISv1p30_LPC13xx.a(system_LPC13xx.o)
 .bss           0x00000000        0x0 C:/Users/yokoyama_S9/Documents/lpcxpresso_3.5/workspace/VS-WRC103LV_Sample_LED/lib\libCMSISv1p30_LPC13xx.a(system_LPC13xx.o)
 .text.SystemCoreClockUpdate
                0x00000000        0x0 C:/Users/yokoyama_S9/Documents/lpcxpresso_3.5/workspace/VS-WRC103LV_Sample_LED/lib\libCMSISv1p30_LPC13xx.a(system_LPC13xx.o)

Memory Configuration

Name             Origin             Length             Attributes
MFlash32         0x00000000         0x00007000         xr
FlashMap         0x00007000         0x00001000         xr
RamLoc8          0x10000000         0x00002000         xrw
*default*        0x00000000         0xffffffff

Linker script and memory map

LOAD ./src/cr_startup_lpc13.o
LOAD ./src/gpio.o
LOAD ./src/ixbus.o
LOAD ./src/main.o
LOAD ./src/vs-wrc103.o
LOAD C:/Users/yokoyama_S9/Documents/lpcxpresso_3.5/workspace/VS-WRC103LV_Sample_LED/lib\libCMSISv1p30_LPC13xx.a
START GROUP
LOAD c:/nxp/lpcxpresso_3.5/tools/bin/../lib/gcc/arm-none-eabi/4.3.3/../../../../arm-none-eabi/lib/thumb2\libcr_semihost.a
LOAD c:/nxp/lpcxpresso_3.5/tools/bin/../lib/gcc/arm-none-eabi/4.3.3/../../../../arm-none-eabi/lib/thumb2\libcr_c.a
LOAD c:/nxp/lpcxpresso_3.5/tools/bin/../lib/gcc/arm-none-eabi/4.3.3/thumb2\libcr_eabihelpers.a
END GROUP
                0x00007000                __top_MFlash32 = 0x7000
                0x00008000                __top_FlashMap = 0x8000
                0x10002000                __top_RamLoc8 = 0x10002000

.text           0x00000000      0xac1
 *(.isr_vector)
 .isr_vector    0x00000000      0x124 ./src/cr_startup_lpc13.o
                0x00000000                g_pfnVectors
 *(.text*)
 .text.NMI_Handler
                0x00000124        0x4 ./src/cr_startup_lpc13.o
                0x00000124                NMI_Handler
 .text.HardFault_Handler
                0x00000128        0x4 ./src/cr_startup_lpc13.o
                0x00000128                HardFault_Handler
 .text.MemManage_Handler
                0x0000012c        0x4 ./src/cr_startup_lpc13.o
                0x0000012c                MemManage_Handler
 .text.BusFault_Handler
                0x00000130        0x4 ./src/cr_startup_lpc13.o
                0x00000130                BusFault_Handler
 .text.UsageFault_Handler
                0x00000134        0x4 ./src/cr_startup_lpc13.o
                0x00000134                UsageFault_Handler
 .text.SVCall_Handler
                0x00000138        0x4 ./src/cr_startup_lpc13.o
                0x00000138                SVCall_Handler
 .text.DebugMon_Handler
                0x0000013c        0x4 ./src/cr_startup_lpc13.o
                0x0000013c                DebugMon_Handler
 .text.PendSV_Handler
                0x00000140        0x4 ./src/cr_startup_lpc13.o
                0x00000140                PendSV_Handler
 .text.SysTick_Handler
                0x00000144        0x4 ./src/cr_startup_lpc13.o
                0x00000144                SysTick_Handler
 .text.IntDefaultHandler
                0x00000148        0x4 ./src/cr_startup_lpc13.o
                0x00000148                TIMER16_0_IRQHandler
                0x00000148                UART_IRQHandler
                0x00000148                TIMER32_1_IRQHandler
                0x00000148                SSP_IRQHandler
                0x00000148                TIMER16_1_IRQHandler
                0x00000148                USB_FIQHandler
                0x00000148                ADC_IRQHandler
                0x00000148                USB_IRQHandler
                0x00000148                BOD_IRQHandler
                0x00000148                WAKEUP_IRQHandler
                0x00000148                WDT_IRQHandler
                0x00000148                PIOINT3_IRQHandler
                0x00000148                FMC_IRQHandler
 .text.Reset_Handler
                0x0000014c       0x58 ./src/cr_startup_lpc13.o
                0x0000014c                Reset_Handler
                0x0000014c                ResetISR
 .text.GPIOSetDir
                0x000001a4       0x94 ./src/gpio.o
                0x000001a4                GPIOSetDir
 .text.GPIOSetValue
                0x00000238       0x54 ./src/gpio.o
                0x00000238                GPIOSetValue
 .text.I2C_IRQHandler
                0x0000028c      0x1c0 ./src/ixbus.o
                0x0000028c                I2C_IRQHandler
 .text.main     0x0000044c       0x28 ./src/main.o
                0x0000044c                main
 .text.__NOP    0x00000474        0x4 ./src/vs-wrc103.o
 .text.Sync     0x00000478       0x60 ./src/vs-wrc103.o
                0x00000478                Sync
 .text.Timer32Init
                0x000004d8       0x3c ./src/vs-wrc103.o
                0x000004d8                Timer32Init
 .text.Timer16Init
                0x00000514       0x60 ./src/vs-wrc103.o
                0x00000514                Timer16Init
 .text.ADCInit  0x00000574       0x30 ./src/vs-wrc103.o
                0x00000574                ADCInit
 .text.Wait     0x000005a4       0x24 ./src/vs-wrc103.o
                0x000005a4                Wait
 .text.IntEncoder
                0x000005c8       0xa8 ./src/vs-wrc103.o
                0x000005c8                IntEncoder
 .text.PIOINT0_IRQHandler
                0x00000670        0x8 ./src/vs-wrc103.o
                0x00000670                PIOINT0_IRQHandler
 .text.PIOINT1_IRQHandler
                0x00000678        0x8 ./src/vs-wrc103.o
                0x00000678                PIOINT1_IRQHandler
 .text.PIOINT2_IRQHandler
                0x00000680        0x8 ./src/vs-wrc103.o
                0x00000680                PIOINT2_IRQHandler
 .text.Init     0x00000688      0x278 ./src/vs-wrc103.o
                0x00000688                Init
 .text.TIMER32_0_IRQHandler
                0x00000900       0x80 ./src/vs-wrc103.o
                0x00000900                TIMER32_0_IRQHandler
 .text.LED      0x00000980       0x24 ./src/vs-wrc103.o
                0x00000980                LED
 .text.SystemInit
                0x000009a4       0xe0 C:/Users/yokoyama_S9/Documents/lpcxpresso_3.5/workspace/VS-WRC103LV_Sample_LED/lib\libCMSISv1p30_LPC13xx.a(system_LPC13xx.o)
                0x000009a4                SystemInit
 *(.rodata*)
 .rodata        0x00000a84       0x3d ./src/vs-wrc103.o
                0x00000a84                enctbl

.glue_7         0x00000ac4        0x0 load address 0x00000ac1
 .glue_7        0x00000000        0x0 linker stubs

.glue_7t        0x00000ac4        0x0 load address 0x00000ac1
 .glue_7t       0x00000000        0x0 linker stubs

.vfp11_veneer   0x00000ac4        0x0 load address 0x00000ac1
 .vfp11_veneer  0x00000000        0x0 linker stubs

.v4_bx          0x00000ac4        0x0 load address 0x00000ac1
 .v4_bx         0x00000000        0x0 linker stubs

.ARM.extab
 *(.ARM.extab* .gnu.linkonce.armextab.*)
                0x00000ac4                __exidx_start = .

.ARM.exidx
 *(.ARM.exidx* .gnu.linkonce.armexidx.*)
                0x00000ac4                __exidx_end = .
                0x00000ac4                _etext = .

.cmap
 *(.Const_Map*)

.data           0x10000000        0x0 load address 0x00000ac1
                0x10000000                _data = .
 *(vtable)
 *(.data*)
                0x10000000                _edata = .

.bss            0x10000000      0x1ea load address 0x00000ac1
                0x10000000                _bss = .
 *(.bss*)
 .bss           0x10000000       0x6c ./src/ixbus.o
                0x1000005c                RdIndex
                0x10000058                I2CMasterState
                0x10000064                I2CSlaveState
                0x10000060                I2CEndFlag
                0x10000068                I2CCount
                0x10000054                WrIndex
 .bss           0x1000006c       0x23 ./src/vs-wrc103.o
                0x1000008e                EncFlag
 *(COMMON)
 *fill*         0x1000008f        0x1 00
 COMMON         0x10000090       0x2c ./src/ixbus.o
                0x10000090                I2CReadLength
                0x10000094                I2CSlaveBuffer
                0x1000009a                adtemp
                0x100000ac                I2CMode
                0x100000b0                I2CMasterBuffer
                0x100000b8                I2CWriteLength
 COMMON         0x100000bc      0x102 ./src/main.o
                0x100000bc                USB_InPutData
                0x100000fc                memmap
                0x1000017c                USB_OutPutData
                0x100001bc                bSendUSBdata
                0x100001bd                isUSB_data_sending
 *fill*         0x100001be        0x2 00
 COMMON         0x100001c0       0x2a ./src/vs-wrc103.o
                0x100001c0                WDF
                0x100001c4                iBuzzerPitch
                0x100001c8                enc_A
                0x100001cc                bBuzzerFlag
                0x100001ce                PS_DATA
                0x100001e4                enc_B
                0x100001e8                MainCnt
                0x100001ea                _ebss = .

.cr_heap        0x100001ea        0x0 load address 0x00000ac1
                0x100001ea                end = .
                0x100001ea                _pvHeapStart = .
                0x10002000                _vRamTop = __top_RamLoc8
                0x10002000                _vStackTop = (_vRamTop - 0x0)
OUTPUT(VS-WRC103LV_Sample_LED.axf elf32-littlearm)

.debug_abbrev   0x00000000      0xa27
 .debug_abbrev  0x00000000       0xdb ./src/cr_startup_lpc13.o
 .debug_abbrev  0x000000db      0x192 ./src/gpio.o
 .debug_abbrev  0x0000026d      0x229 ./src/ixbus.o
 .debug_abbrev  0x00000496       0x9d ./src/main.o
 .debug_abbrev  0x00000533      0x401 ./src/vs-wrc103.o
 .debug_abbrev  0x00000934       0xf3 C:/Users/yokoyama_S9/Documents/lpcxpresso_3.5/workspace/VS-WRC103LV_Sample_LED/lib\libCMSISv1p30_LPC13xx.a(system_LPC13xx.o)

.debug_info     0x00000000     0x305b
 .debug_info    0x00000000      0x1d6 ./src/cr_startup_lpc13.o
 .debug_info    0x000001d6      0x3f2 ./src/gpio.o
 .debug_info    0x000005c8      0xdf7 ./src/ixbus.o
 .debug_info    0x000013bf      0x12e ./src/main.o
 .debug_info    0x000014ed     0x161e ./src/vs-wrc103.o
 .debug_info    0x00002b0b      0x550 C:/Users/yokoyama_S9/Documents/lpcxpresso_3.5/workspace/VS-WRC103LV_Sample_LED/lib\libCMSISv1p30_LPC13xx.a(system_LPC13xx.o)

.debug_line     0x00000000      0xeb4
 .debug_line    0x00000000       0xf9 ./src/cr_startup_lpc13.o
 .debug_line    0x000000f9      0x1ff ./src/gpio.o
 .debug_line    0x000002f8      0x212 ./src/ixbus.o
 .debug_line    0x0000050a      0x105 ./src/main.o
 .debug_line    0x0000060f      0x57b ./src/vs-wrc103.o
 .debug_line    0x00000b8a      0x32a C:/Users/yokoyama_S9/Documents/lpcxpresso_3.5/workspace/VS-WRC103LV_Sample_LED/lib\libCMSISv1p30_LPC13xx.a(system_LPC13xx.o)

.debug_frame    0x00000000      0x520
 .debug_frame   0x00000000       0xc8 ./src/cr_startup_lpc13.o
 .debug_frame   0x000000c8       0xb4 ./src/gpio.o
 .debug_frame   0x0000017c       0x90 ./src/ixbus.o
 .debug_frame   0x0000020c       0x28 ./src/main.o
 .debug_frame   0x00000234      0x2bc ./src/vs-wrc103.o
 .debug_frame   0x000004f0       0x30 C:/Users/yokoyama_S9/Documents/lpcxpresso_3.5/workspace/VS-WRC103LV_Sample_LED/lib\libCMSISv1p30_LPC13xx.a(system_LPC13xx.o)

.debug_loc      0x00000000      0xa5b
 .debug_loc     0x00000000       0x1f ./src/cr_startup_lpc13.o
 .debug_loc     0x0000001f      0x32f ./src/gpio.o
 .debug_loc     0x0000034e      0x109 ./src/ixbus.o
 .debug_loc     0x00000457       0x1f ./src/main.o
 .debug_loc     0x00000476      0x4e3 ./src/vs-wrc103.o
 .debug_loc     0x00000959      0x102 C:/Users/yokoyama_S9/Documents/lpcxpresso_3.5/workspace/VS-WRC103LV_Sample_LED/lib\libCMSISv1p30_LPC13xx.a(system_LPC13xx.o)

.debug_pubnames
                0x00000000      0x5fe
 .debug_pubnames
                0x00000000       0xec ./src/cr_startup_lpc13.o
 .debug_pubnames
                0x000000ec       0xb4 ./src/gpio.o
 .debug_pubnames
                0x000001a0      0x123 ./src/ixbus.o
 .debug_pubnames
                0x000002c3       0x73 ./src/main.o
 .debug_pubnames
                0x00000336      0x279 ./src/vs-wrc103.o
 .debug_pubnames
                0x000005af       0x4f C:/Users/yokoyama_S9/Documents/lpcxpresso_3.5/workspace/VS-WRC103LV_Sample_LED/lib\libCMSISv1p30_LPC13xx.a(system_LPC13xx.o)

.debug_aranges  0x00000000      0x270
 .debug_aranges
                0x00000000       0x70 ./src/cr_startup_lpc13.o
 .debug_aranges
                0x00000070       0x60 ./src/gpio.o
 .debug_aranges
                0x000000d0       0x48 ./src/ixbus.o
 .debug_aranges
                0x00000118       0x20 ./src/main.o
 .debug_aranges
                0x00000138      0x110 ./src/vs-wrc103.o
 .debug_aranges
                0x00000248       0x28 C:/Users/yokoyama_S9/Documents/lpcxpresso_3.5/workspace/VS-WRC103LV_Sample_LED/lib\libCMSISv1p30_LPC13xx.a(system_LPC13xx.o)

.debug_ranges   0x00000000      0x258
 .debug_ranges  0x00000000       0x68 ./src/cr_startup_lpc13.o
 .debug_ranges  0x00000068       0x58 ./src/gpio.o
 .debug_ranges  0x000000c0       0x58 ./src/ixbus.o
 .debug_ranges  0x00000118       0x18 ./src/main.o
 .debug_ranges  0x00000130      0x108 ./src/vs-wrc103.o
 .debug_ranges  0x00000238       0x20 C:/Users/yokoyama_S9/Documents/lpcxpresso_3.5/workspace/VS-WRC103LV_Sample_LED/lib\libCMSISv1p30_LPC13xx.a(system_LPC13xx.o)

.debug_str      0x00000000     0x1086
 .debug_str     0x00000000      0x1bc ./src/cr_startup_lpc13.o
                                0x1f6 (size before relaxing)
 .debug_str     0x000001bc       0xf5 ./src/gpio.o
                                0x1db (size before relaxing)
 .debug_str     0x000002b1      0x96d ./src/ixbus.o
                                0xa82 (size before relaxing)
 .debug_str     0x00000c1e       0x57 ./src/main.o
                                0x14a (size before relaxing)
 .debug_str     0x00000c75      0x36d ./src/vs-wrc103.o
                                0xce9 (size before relaxing)
 .debug_str     0x00000fe2       0xa4 C:/Users/yokoyama_S9/Documents/lpcxpresso_3.5/workspace/VS-WRC103LV_Sample_LED/lib\libCMSISv1p30_LPC13xx.a(system_LPC13xx.o)
                                0x3f3 (size before relaxing)

.comment        0x00000000      0x102
 .comment       0x00000000       0x2b ./src/cr_startup_lpc13.o
 .comment       0x0000002b       0x2b ./src/gpio.o
 .comment       0x00000056       0x2b ./src/ixbus.o
 .comment       0x00000081       0x2b ./src/main.o
 .comment       0x000000ac       0x2b ./src/vs-wrc103.o
 .comment       0x000000d7       0x2b C:/Users/yokoyama_S9/Documents/lpcxpresso_3.5/workspace/VS-WRC103LV_Sample_LED/lib\libCMSISv1p30_LPC13xx.a(system_LPC13xx.o)

.ARM.attributes
                0x00000000       0x31
 .ARM.attributes
                0x00000000       0x31 ./src/cr_startup_lpc13.o
 .ARM.attributes
                0x00000031       0x31 ./src/gpio.o
 .ARM.attributes
                0x00000062       0x31 ./src/ixbus.o
 .ARM.attributes
                0x00000093       0x31 ./src/main.o
 .ARM.attributes
                0x000000c4       0x31 ./src/vs-wrc103.o
 .ARM.attributes
                0x000000f5       0x31 C:/Users/yokoyama_S9/Documents/lpcxpresso_3.5/workspace/VS-WRC103LV_Sample_LED/lib\libCMSISv1p30_LPC13xx.a(system_LPC13xx.o)

.debug_macinfo  0x00000000     0x62a4
 .debug_macinfo
                0x00000000     0x62a4 C:/Users/yokoyama_S9/Documents/lpcxpresso_3.5/workspace/VS-WRC103LV_Sample_LED/lib\libCMSISv1p30_LPC13xx.a(system_LPC13xx.o)
